// Jest Snapshot v1, https://goo.gl/fbAQLP

exports[`SignUp should match snapshot 1`] = `
ShallowWrapper {
  "length": 1,
  Symbol(enzyme.__root__): [Circular],
  Symbol(enzyme.__unrendered__): <SignUp
    userSignupSuccess={[Function]}
/>,
  Symbol(enzyme.__renderer__): Object {
    "batchedUpdates": [Function],
    "getNode": [Function],
    "render": [Function],
    "simulateEvent": [Function],
    "unmount": [Function],
  },
  Symbol(enzyme.__node__): Object {
    "instance": null,
    "key": undefined,
    "nodeType": "host",
    "props": Object {
      "children": <form
        className="sign-up-form"
        onSubmit={[Function]}
>
        <label>
                Create An Account
        </label>
        <input
                className="username"
                name="username"
                onChange={[Function]}
                placeholder="Full Name"
                type="text"
        />
        <input
                className="new-email"
                name="email"
                onChange={[Function]}
                placeholder="Email Address"
                type="text"
        />
        <input
                className="password-sign-up"
                name="password"
                onChange={[Function]}
                placeholder="Password"
                type="password"
        />
        <input
                className="password-auth"
                name="passwordAuth"
                onChange={[Function]}
                placeholder="Confirm Password"
                type="password"
        />
        <button
                disabled={true}
                type="submit"
        >
                Sign Up
        </button>
</form>,
      "className": "form-container",
    },
    "ref": null,
    "rendered": Object {
      "instance": null,
      "key": undefined,
      "nodeType": "host",
      "props": Object {
        "children": Array [
          <label>
            Create An Account
</label>,
          <input
            className="username"
            name="username"
            onChange={[Function]}
            placeholder="Full Name"
            type="text"
/>,
          <input
            className="new-email"
            name="email"
            onChange={[Function]}
            placeholder="Email Address"
            type="text"
/>,
          <input
            className="password-sign-up"
            name="password"
            onChange={[Function]}
            placeholder="Password"
            type="password"
/>,
          <input
            className="password-auth"
            name="passwordAuth"
            onChange={[Function]}
            placeholder="Confirm Password"
            type="password"
/>,
          <button
            disabled={true}
            type="submit"
>
            Sign Up
</button>,
          null,
        ],
        "className": "sign-up-form",
        "onSubmit": [Function],
      },
      "ref": null,
      "rendered": Array [
        Object {
          "instance": null,
          "key": undefined,
          "nodeType": "host",
          "props": Object {
            "children": "Create An Account",
          },
          "ref": null,
          "rendered": "Create An Account",
          "type": "label",
        },
        Object {
          "instance": null,
          "key": undefined,
          "nodeType": "host",
          "props": Object {
            "className": "username",
            "name": "username",
            "onChange": [Function],
            "placeholder": "Full Name",
            "type": "text",
          },
          "ref": null,
          "rendered": null,
          "type": "input",
        },
        Object {
          "instance": null,
          "key": undefined,
          "nodeType": "host",
          "props": Object {
            "className": "new-email",
            "name": "email",
            "onChange": [Function],
            "placeholder": "Email Address",
            "type": "text",
          },
          "ref": null,
          "rendered": null,
          "type": "input",
        },
        Object {
          "instance": null,
          "key": undefined,
          "nodeType": "host",
          "props": Object {
            "className": "password-sign-up",
            "name": "password",
            "onChange": [Function],
            "placeholder": "Password",
            "type": "password",
          },
          "ref": null,
          "rendered": null,
          "type": "input",
        },
        Object {
          "instance": null,
          "key": undefined,
          "nodeType": "host",
          "props": Object {
            "className": "password-auth",
            "name": "passwordAuth",
            "onChange": [Function],
            "placeholder": "Confirm Password",
            "type": "password",
          },
          "ref": null,
          "rendered": null,
          "type": "input",
        },
        Object {
          "instance": null,
          "key": undefined,
          "nodeType": "host",
          "props": Object {
            "children": "Sign Up",
            "disabled": true,
            "type": "submit",
          },
          "ref": null,
          "rendered": "Sign Up",
          "type": "button",
        },
        null,
      ],
      "type": "form",
    },
    "type": "section",
  },
  Symbol(enzyme.__nodes__): Array [
    Object {
      "instance": null,
      "key": undefined,
      "nodeType": "host",
      "props": Object {
        "children": <form
          className="sign-up-form"
          onSubmit={[Function]}
>
          <label>
                    Create An Account
          </label>
          <input
                    className="username"
                    name="username"
                    onChange={[Function]}
                    placeholder="Full Name"
                    type="text"
          />
          <input
                    className="new-email"
                    name="email"
                    onChange={[Function]}
                    placeholder="Email Address"
                    type="text"
          />
          <input
                    className="password-sign-up"
                    name="password"
                    onChange={[Function]}
                    placeholder="Password"
                    type="password"
          />
          <input
                    className="password-auth"
                    name="passwordAuth"
                    onChange={[Function]}
                    placeholder="Confirm Password"
                    type="password"
          />
          <button
                    disabled={true}
                    type="submit"
          >
                    Sign Up
          </button>
</form>,
        "className": "form-container",
      },
      "ref": null,
      "rendered": Object {
        "instance": null,
        "key": undefined,
        "nodeType": "host",
        "props": Object {
          "children": Array [
            <label>
              Create An Account
</label>,
            <input
              className="username"
              name="username"
              onChange={[Function]}
              placeholder="Full Name"
              type="text"
/>,
            <input
              className="new-email"
              name="email"
              onChange={[Function]}
              placeholder="Email Address"
              type="text"
/>,
            <input
              className="password-sign-up"
              name="password"
              onChange={[Function]}
              placeholder="Password"
              type="password"
/>,
            <input
              className="password-auth"
              name="passwordAuth"
              onChange={[Function]}
              placeholder="Confirm Password"
              type="password"
/>,
            <button
              disabled={true}
              type="submit"
>
              Sign Up
</button>,
            null,
          ],
          "className": "sign-up-form",
          "onSubmit": [Function],
        },
        "ref": null,
        "rendered": Array [
          Object {
            "instance": null,
            "key": undefined,
            "nodeType": "host",
            "props": Object {
              "children": "Create An Account",
            },
            "ref": null,
            "rendered": "Create An Account",
            "type": "label",
          },
          Object {
            "instance": null,
            "key": undefined,
            "nodeType": "host",
            "props": Object {
              "className": "username",
              "name": "username",
              "onChange": [Function],
              "placeholder": "Full Name",
              "type": "text",
            },
            "ref": null,
            "rendered": null,
            "type": "input",
          },
          Object {
            "instance": null,
            "key": undefined,
            "nodeType": "host",
            "props": Object {
              "className": "new-email",
              "name": "email",
              "onChange": [Function],
              "placeholder": "Email Address",
              "type": "text",
            },
            "ref": null,
            "rendered": null,
            "type": "input",
          },
          Object {
            "instance": null,
            "key": undefined,
            "nodeType": "host",
            "props": Object {
              "className": "password-sign-up",
              "name": "password",
              "onChange": [Function],
              "placeholder": "Password",
              "type": "password",
            },
            "ref": null,
            "rendered": null,
            "type": "input",
          },
          Object {
            "instance": null,
            "key": undefined,
            "nodeType": "host",
            "props": Object {
              "className": "password-auth",
              "name": "passwordAuth",
              "onChange": [Function],
              "placeholder": "Confirm Password",
              "type": "password",
            },
            "ref": null,
            "rendered": null,
            "type": "input",
          },
          Object {
            "instance": null,
            "key": undefined,
            "nodeType": "host",
            "props": Object {
              "children": "Sign Up",
              "disabled": true,
              "type": "submit",
            },
            "ref": null,
            "rendered": "Sign Up",
            "type": "button",
          },
          null,
        ],
        "type": "form",
      },
      "type": "section",
    },
  ],
  Symbol(enzyme.__options__): Object {
    "adapter": ReactSixteenAdapter {
      "options": Object {
        "enableComponentDidUpdateOnSetState": true,
      },
    },
  },
}
`;
