// Jest Snapshot v1, https://goo.gl/fbAQLP

exports[`SignIn should match snapshot 1`] = `
ShallowWrapper {
  "length": 1,
  Symbol(enzyme.__root__): [Circular],
  Symbol(enzyme.__unrendered__): <SignIn />,
  Symbol(enzyme.__renderer__): Object {
    "batchedUpdates": [Function],
    "getNode": [Function],
    "render": [Function],
    "simulateEvent": [Function],
    "unmount": [Function],
  },
  Symbol(enzyme.__node__): Object {
    "instance": null,
    "key": undefined,
    "nodeType": "host",
    "props": Object {
      "children": Array [
        <form
          className="sign-in-form"
          onSubmit={[Function]}
>
          <label>
                    Sign In
          </label>
          <input
                    className="email"
                    name="email"
                    onChange={[Function]}
                    placeholder="Email Address"
                    type="text"
          />
          <input
                    className="password-sign-in"
                    name="password"
                    onChange={[Function]}
                    placeholder="Password"
                    type="password"
          />
          <button
                    disabled={true}
                    type="submit"
          >
                    Sign In
          </button>
</form>,
        <Link
          replace={false}
          to="/passwordForget"
>
          Forgot Password?
</Link>,
      ],
      "className": "form-container",
    },
    "ref": null,
    "rendered": Array [
      Object {
        "instance": null,
        "key": undefined,
        "nodeType": "host",
        "props": Object {
          "children": Array [
            <label>
              Sign In
</label>,
            <input
              className="email"
              name="email"
              onChange={[Function]}
              placeholder="Email Address"
              type="text"
/>,
            <input
              className="password-sign-in"
              name="password"
              onChange={[Function]}
              placeholder="Password"
              type="password"
/>,
            <button
              disabled={true}
              type="submit"
>
              Sign In
</button>,
            null,
          ],
          "className": "sign-in-form",
          "onSubmit": [Function],
        },
        "ref": null,
        "rendered": Array [
          Object {
            "instance": null,
            "key": undefined,
            "nodeType": "host",
            "props": Object {
              "children": "Sign In",
            },
            "ref": null,
            "rendered": "Sign In",
            "type": "label",
          },
          Object {
            "instance": null,
            "key": undefined,
            "nodeType": "host",
            "props": Object {
              "className": "email",
              "name": "email",
              "onChange": [Function],
              "placeholder": "Email Address",
              "type": "text",
            },
            "ref": null,
            "rendered": null,
            "type": "input",
          },
          Object {
            "instance": null,
            "key": undefined,
            "nodeType": "host",
            "props": Object {
              "className": "password-sign-in",
              "name": "password",
              "onChange": [Function],
              "placeholder": "Password",
              "type": "password",
            },
            "ref": null,
            "rendered": null,
            "type": "input",
          },
          Object {
            "instance": null,
            "key": undefined,
            "nodeType": "host",
            "props": Object {
              "children": "Sign In",
              "disabled": true,
              "type": "submit",
            },
            "ref": null,
            "rendered": "Sign In",
            "type": "button",
          },
          null,
        ],
        "type": "form",
      },
      Object {
        "instance": null,
        "key": undefined,
        "nodeType": "class",
        "props": Object {
          "children": "Forgot Password?",
          "replace": false,
          "to": "/passwordForget",
        },
        "ref": null,
        "rendered": "Forgot Password?",
        "type": [Function],
      },
    ],
    "type": "section",
  },
  Symbol(enzyme.__nodes__): Array [
    Object {
      "instance": null,
      "key": undefined,
      "nodeType": "host",
      "props": Object {
        "children": Array [
          <form
            className="sign-in-form"
            onSubmit={[Function]}
>
            <label>
                        Sign In
            </label>
            <input
                        className="email"
                        name="email"
                        onChange={[Function]}
                        placeholder="Email Address"
                        type="text"
            />
            <input
                        className="password-sign-in"
                        name="password"
                        onChange={[Function]}
                        placeholder="Password"
                        type="password"
            />
            <button
                        disabled={true}
                        type="submit"
            >
                        Sign In
            </button>
</form>,
          <Link
            replace={false}
            to="/passwordForget"
>
            Forgot Password?
</Link>,
        ],
        "className": "form-container",
      },
      "ref": null,
      "rendered": Array [
        Object {
          "instance": null,
          "key": undefined,
          "nodeType": "host",
          "props": Object {
            "children": Array [
              <label>
                Sign In
</label>,
              <input
                className="email"
                name="email"
                onChange={[Function]}
                placeholder="Email Address"
                type="text"
/>,
              <input
                className="password-sign-in"
                name="password"
                onChange={[Function]}
                placeholder="Password"
                type="password"
/>,
              <button
                disabled={true}
                type="submit"
>
                Sign In
</button>,
              null,
            ],
            "className": "sign-in-form",
            "onSubmit": [Function],
          },
          "ref": null,
          "rendered": Array [
            Object {
              "instance": null,
              "key": undefined,
              "nodeType": "host",
              "props": Object {
                "children": "Sign In",
              },
              "ref": null,
              "rendered": "Sign In",
              "type": "label",
            },
            Object {
              "instance": null,
              "key": undefined,
              "nodeType": "host",
              "props": Object {
                "className": "email",
                "name": "email",
                "onChange": [Function],
                "placeholder": "Email Address",
                "type": "text",
              },
              "ref": null,
              "rendered": null,
              "type": "input",
            },
            Object {
              "instance": null,
              "key": undefined,
              "nodeType": "host",
              "props": Object {
                "className": "password-sign-in",
                "name": "password",
                "onChange": [Function],
                "placeholder": "Password",
                "type": "password",
              },
              "ref": null,
              "rendered": null,
              "type": "input",
            },
            Object {
              "instance": null,
              "key": undefined,
              "nodeType": "host",
              "props": Object {
                "children": "Sign In",
                "disabled": true,
                "type": "submit",
              },
              "ref": null,
              "rendered": "Sign In",
              "type": "button",
            },
            null,
          ],
          "type": "form",
        },
        Object {
          "instance": null,
          "key": undefined,
          "nodeType": "class",
          "props": Object {
            "children": "Forgot Password?",
            "replace": false,
            "to": "/passwordForget",
          },
          "ref": null,
          "rendered": "Forgot Password?",
          "type": [Function],
        },
      ],
      "type": "section",
    },
  ],
  Symbol(enzyme.__options__): Object {
    "adapter": ReactSixteenAdapter {
      "options": Object {
        "enableComponentDidUpdateOnSetState": true,
      },
    },
  },
}
`;
