// Jest Snapshot v1, https://goo.gl/fbAQLP

exports[`PasswordChange should match snapshot 1`] = `
ShallowWrapper {
  "length": 1,
  Symbol(enzyme.__root__): [Circular],
  Symbol(enzyme.__unrendered__): <PasswordChange />,
  Symbol(enzyme.__renderer__): Object {
    "batchedUpdates": [Function],
    "getNode": [Function],
    "render": [Function],
    "simulateEvent": [Function],
    "unmount": [Function],
  },
  Symbol(enzyme.__node__): Object {
    "instance": null,
    "key": undefined,
    "nodeType": "host",
    "props": Object {
      "children": <form
        className="change-password"
        onSubmit={[Function]}
>
        <label>
                Change Password
        </label>
        <input
                className="password"
                onChange={[Function]}
                placeholder="New Password"
                type="password"
                value=""
        />
        <input
                className="password-confirm"
                onChange={[Function]}
                placeholder="Confirm Password"
                type="password"
                value=""
        />
        <button
                disabled={true}
                type="submit"
        >
                Change Password
        </button>
        <p />
</form>,
      "className": "form-container",
    },
    "ref": null,
    "rendered": Object {
      "instance": null,
      "key": undefined,
      "nodeType": "host",
      "props": Object {
        "children": Array [
          <label>
            Change Password
</label>,
          <input
            className="password"
            onChange={[Function]}
            placeholder="New Password"
            type="password"
            value=""
/>,
          <input
            className="password-confirm"
            onChange={[Function]}
            placeholder="Confirm Password"
            type="password"
            value=""
/>,
          <button
            disabled={true}
            type="submit"
>
            Change Password
</button>,
          <p />,
          false,
        ],
        "className": "change-password",
        "onSubmit": [Function],
      },
      "ref": null,
      "rendered": Array [
        Object {
          "instance": null,
          "key": undefined,
          "nodeType": "host",
          "props": Object {
            "children": "Change Password",
          },
          "ref": null,
          "rendered": "Change Password",
          "type": "label",
        },
        Object {
          "instance": null,
          "key": undefined,
          "nodeType": "host",
          "props": Object {
            "className": "password",
            "onChange": [Function],
            "placeholder": "New Password",
            "type": "password",
            "value": "",
          },
          "ref": null,
          "rendered": null,
          "type": "input",
        },
        Object {
          "instance": null,
          "key": undefined,
          "nodeType": "host",
          "props": Object {
            "className": "password-confirm",
            "onChange": [Function],
            "placeholder": "Confirm Password",
            "type": "password",
            "value": "",
          },
          "ref": null,
          "rendered": null,
          "type": "input",
        },
        Object {
          "instance": null,
          "key": undefined,
          "nodeType": "host",
          "props": Object {
            "children": "Change Password",
            "disabled": true,
            "type": "submit",
          },
          "ref": null,
          "rendered": "Change Password",
          "type": "button",
        },
        Object {
          "instance": null,
          "key": undefined,
          "nodeType": "host",
          "props": Object {
            "children": undefined,
          },
          "ref": null,
          "rendered": null,
          "type": "p",
        },
        false,
      ],
      "type": "form",
    },
    "type": "section",
  },
  Symbol(enzyme.__nodes__): Array [
    Object {
      "instance": null,
      "key": undefined,
      "nodeType": "host",
      "props": Object {
        "children": <form
          className="change-password"
          onSubmit={[Function]}
>
          <label>
                    Change Password
          </label>
          <input
                    className="password"
                    onChange={[Function]}
                    placeholder="New Password"
                    type="password"
                    value=""
          />
          <input
                    className="password-confirm"
                    onChange={[Function]}
                    placeholder="Confirm Password"
                    type="password"
                    value=""
          />
          <button
                    disabled={true}
                    type="submit"
          >
                    Change Password
          </button>
          <p />
</form>,
        "className": "form-container",
      },
      "ref": null,
      "rendered": Object {
        "instance": null,
        "key": undefined,
        "nodeType": "host",
        "props": Object {
          "children": Array [
            <label>
              Change Password
</label>,
            <input
              className="password"
              onChange={[Function]}
              placeholder="New Password"
              type="password"
              value=""
/>,
            <input
              className="password-confirm"
              onChange={[Function]}
              placeholder="Confirm Password"
              type="password"
              value=""
/>,
            <button
              disabled={true}
              type="submit"
>
              Change Password
</button>,
            <p />,
            false,
          ],
          "className": "change-password",
          "onSubmit": [Function],
        },
        "ref": null,
        "rendered": Array [
          Object {
            "instance": null,
            "key": undefined,
            "nodeType": "host",
            "props": Object {
              "children": "Change Password",
            },
            "ref": null,
            "rendered": "Change Password",
            "type": "label",
          },
          Object {
            "instance": null,
            "key": undefined,
            "nodeType": "host",
            "props": Object {
              "className": "password",
              "onChange": [Function],
              "placeholder": "New Password",
              "type": "password",
              "value": "",
            },
            "ref": null,
            "rendered": null,
            "type": "input",
          },
          Object {
            "instance": null,
            "key": undefined,
            "nodeType": "host",
            "props": Object {
              "className": "password-confirm",
              "onChange": [Function],
              "placeholder": "Confirm Password",
              "type": "password",
              "value": "",
            },
            "ref": null,
            "rendered": null,
            "type": "input",
          },
          Object {
            "instance": null,
            "key": undefined,
            "nodeType": "host",
            "props": Object {
              "children": "Change Password",
              "disabled": true,
              "type": "submit",
            },
            "ref": null,
            "rendered": "Change Password",
            "type": "button",
          },
          Object {
            "instance": null,
            "key": undefined,
            "nodeType": "host",
            "props": Object {
              "children": undefined,
            },
            "ref": null,
            "rendered": null,
            "type": "p",
          },
          false,
        ],
        "type": "form",
      },
      "type": "section",
    },
  ],
  Symbol(enzyme.__options__): Object {
    "adapter": ReactSixteenAdapter {
      "options": Object {
        "enableComponentDidUpdateOnSetState": true,
      },
    },
  },
}
`;
