// Jest Snapshot v1, https://goo.gl/fbAQLP

exports[`SearchResults should match snapshots 1`] = `
ShallowWrapper {
  "length": 1,
  Symbol(enzyme.__root__): [Circular],
  Symbol(enzyme.__unrendered__): <SearchResults
    nextPageSuccess={Array []}
    resultsSuccess={
        Array [
            Object {
              "id": 1,
              "title": "Test the things",
            },
          ]
    }
/>,
  Symbol(enzyme.__renderer__): Object {
    "batchedUpdates": [Function],
    "getNode": [Function],
    "render": [Function],
    "simulateEvent": [Function],
    "unmount": [Function],
  },
  Symbol(enzyme.__node__): Object {
    "instance": null,
    "key": undefined,
    "nodeType": "host",
    "props": Object {
      "children": Array [
        <section
          className="results-list"
>
          
</section>,
        undefined,
      ],
      "className": "results-container",
    },
    "ref": null,
    "rendered": Array [
      Object {
        "instance": null,
        "key": undefined,
        "nodeType": "host",
        "props": Object {
          "children": Array [
            Array [],
            undefined,
            false,
          ],
          "className": "results-list",
        },
        "ref": null,
        "rendered": Array [
          undefined,
          false,
        ],
        "type": "section",
      },
      undefined,
    ],
    "type": "div",
  },
  Symbol(enzyme.__nodes__): Array [
    Object {
      "instance": null,
      "key": undefined,
      "nodeType": "host",
      "props": Object {
        "children": Array [
          <section
            className="results-list"
>
            
</section>,
          undefined,
        ],
        "className": "results-container",
      },
      "ref": null,
      "rendered": Array [
        Object {
          "instance": null,
          "key": undefined,
          "nodeType": "host",
          "props": Object {
            "children": Array [
              Array [],
              undefined,
              false,
            ],
            "className": "results-list",
          },
          "ref": null,
          "rendered": Array [
            undefined,
            false,
          ],
          "type": "section",
        },
        undefined,
      ],
      "type": "div",
    },
  ],
  Symbol(enzyme.__options__): Object {
    "adapter": ReactSixteenAdapter {
      "options": Object {
        "enableComponentDidUpdateOnSetState": true,
      },
    },
  },
}
`;
