// Jest Snapshot v1, https://goo.gl/fbAQLP

exports[`SignOut should match snapshot 1`] = `
ShallowWrapper {
  "length": 1,
  Symbol(enzyme.__root__): [Circular],
  Symbol(enzyme.__unrendered__): <SignOutButton
    isUserSignedIn={[Function]}
    userAuthentication={[Function]}
/>,
  Symbol(enzyme.__renderer__): Object {
    "batchedUpdates": [Function],
    "getNode": [Function],
    "render": [Function],
    "simulateEvent": [Function],
    "unmount": [Function],
  },
  Symbol(enzyme.__node__): Object {
    "instance": null,
    "key": undefined,
    "nodeType": "host",
    "props": Object {
      "children": <Link
        className="sign-out"
        onClick={[Function]}
        replace={false}
        to="/"
>
        Sign Out
</Link>,
    },
    "ref": null,
    "rendered": Object {
      "instance": null,
      "key": undefined,
      "nodeType": "class",
      "props": Object {
        "children": "Sign Out",
        "className": "sign-out",
        "onClick": [Function],
        "replace": false,
        "to": "/",
      },
      "ref": null,
      "rendered": "Sign Out",
      "type": [Function],
    },
    "type": "li",
  },
  Symbol(enzyme.__nodes__): Array [
    Object {
      "instance": null,
      "key": undefined,
      "nodeType": "host",
      "props": Object {
        "children": <Link
          className="sign-out"
          onClick={[Function]}
          replace={false}
          to="/"
>
          Sign Out
</Link>,
      },
      "ref": null,
      "rendered": Object {
        "instance": null,
        "key": undefined,
        "nodeType": "class",
        "props": Object {
          "children": "Sign Out",
          "className": "sign-out",
          "onClick": [Function],
          "replace": false,
          "to": "/",
        },
        "ref": null,
        "rendered": "Sign Out",
        "type": [Function],
      },
      "type": "li",
    },
  ],
  Symbol(enzyme.__options__): Object {
    "adapter": ReactSixteenAdapter {
      "options": Object {
        "enableComponentDidUpdateOnSetState": true,
      },
    },
  },
}
`;
