// Jest Snapshot v1, https://goo.gl/fbAQLP

exports[`App should match snapshot 1`] = `
ShallowWrapper {
  "length": 1,
  Symbol(enzyme.__root__): [Circular],
  Symbol(enzyme.__unrendered__): <App />,
  Symbol(enzyme.__renderer__): Object {
    "batchedUpdates": [Function],
    "getNode": [Function],
    "render": [Function],
    "simulateEvent": [Function],
    "unmount": [Function],
  },
  Symbol(enzyme.__node__): Object {
    "instance": null,
    "key": undefined,
    "nodeType": "host",
    "props": Object {
      "children": Array [
        <header
          className="header"
>
          <Link
                    replace={false}
                    to="/"
          >
                    <img
                              alt="Search Open Source"
                              className="logo"
                              src="logo.png"
                    />
          </Link>
          <ul>
                    <li>
                              <Link
                                        replace={false}
                                        to="/signUp"
                              >
                                        Sign up
                              </Link>
                    </li>
                    <li>
                              <Link
                                        replace={false}
                                        to="/signIn"
                              >
                                        Sign in
                              </Link>
                    </li>
          </ul>
</header>,
        <withRouter(Connect(LandingPage)) />,
        <Route
          component={[Function]}
          exact={true}
          path="/searchResults"
/>,
        <Route
          component={[Function]}
          exact={true}
          path="/signIn"
/>,
        <Route
          component={[Function]}
          exact={true}
          path="/signUp"
/>,
        <Route
          component={[Function]}
          exact={true}
          path="/articleContainer"
/>,
        <Route
          component={[Function]}
          exact={true}
          path="/passwordForget"
/>,
        <Route
          component={[Function]}
          exact={true}
          path="/userDashboard"
/>,
        <Route
          component={[Function]}
          exact={true}
          path="/passwordChange"
/>,
        <footer>
          <img
                    alt="Powered by CORE"
                    src="https://core.ac.uk/images/powered-by-core-orange.png"
          />
</footer>,
      ],
    },
    "ref": null,
    "rendered": Array [
      Object {
        "instance": null,
        "key": undefined,
        "nodeType": "host",
        "props": Object {
          "children": Array [
            <Link
              replace={false}
              to="/"
>
              <img
                            alt="Search Open Source"
                            className="logo"
                            src="logo.png"
              />
</Link>,
            <ul>
              <li>
                            <Link
                                          replace={false}
                                          to="/signUp"
                            >
                                          Sign up
                            </Link>
              </li>
              <li>
                            <Link
                                          replace={false}
                                          to="/signIn"
                            >
                                          Sign in
                            </Link>
              </li>
</ul>,
            undefined,
          ],
          "className": "header",
        },
        "ref": null,
        "rendered": Array [
          Object {
            "instance": null,
            "key": undefined,
            "nodeType": "class",
            "props": Object {
              "children": <img
                alt="Search Open Source"
                className="logo"
                src="logo.png"
/>,
              "replace": false,
              "to": "/",
            },
            "ref": null,
            "rendered": Object {
              "instance": null,
              "key": undefined,
              "nodeType": "host",
              "props": Object {
                "alt": "Search Open Source",
                "className": "logo",
                "src": "logo.png",
              },
              "ref": null,
              "rendered": null,
              "type": "img",
            },
            "type": [Function],
          },
          Object {
            "instance": null,
            "key": undefined,
            "nodeType": "host",
            "props": Object {
              "children": Array [
                undefined,
                <li>
                  <Link
                                    replace={false}
                                    to="/signUp"
                  >
                                    Sign up
                  </Link>
</li>,
                <li>
                  <Link
                                    replace={false}
                                    to="/signIn"
                  >
                                    Sign in
                  </Link>
</li>,
              ],
            },
            "ref": null,
            "rendered": Array [
              undefined,
              Object {
                "instance": null,
                "key": undefined,
                "nodeType": "host",
                "props": Object {
                  "children": <Link
                    replace={false}
                    to="/signUp"
>
                    Sign up
</Link>,
                },
                "ref": null,
                "rendered": Object {
                  "instance": null,
                  "key": undefined,
                  "nodeType": "class",
                  "props": Object {
                    "children": "Sign up",
                    "replace": false,
                    "to": "/signUp",
                  },
                  "ref": null,
                  "rendered": "Sign up",
                  "type": [Function],
                },
                "type": "li",
              },
              Object {
                "instance": null,
                "key": undefined,
                "nodeType": "host",
                "props": Object {
                  "children": <Link
                    replace={false}
                    to="/signIn"
>
                    Sign in
</Link>,
                },
                "ref": null,
                "rendered": Object {
                  "instance": null,
                  "key": undefined,
                  "nodeType": "class",
                  "props": Object {
                    "children": "Sign in",
                    "replace": false,
                    "to": "/signIn",
                  },
                  "ref": null,
                  "rendered": "Sign in",
                  "type": [Function],
                },
                "type": "li",
              },
            ],
            "type": "ul",
          },
          undefined,
        ],
        "type": "header",
      },
      Object {
        "instance": null,
        "key": undefined,
        "nodeType": "function",
        "props": Object {},
        "ref": null,
        "rendered": null,
        "type": [Function],
      },
      Object {
        "instance": null,
        "key": undefined,
        "nodeType": "class",
        "props": Object {
          "component": [Function],
          "exact": true,
          "path": "/searchResults",
        },
        "ref": null,
        "rendered": null,
        "type": [Function],
      },
      Object {
        "instance": null,
        "key": undefined,
        "nodeType": "class",
        "props": Object {
          "component": [Function],
          "exact": true,
          "path": "/signIn",
        },
        "ref": null,
        "rendered": null,
        "type": [Function],
      },
      Object {
        "instance": null,
        "key": undefined,
        "nodeType": "class",
        "props": Object {
          "component": [Function],
          "exact": true,
          "path": "/signUp",
        },
        "ref": null,
        "rendered": null,
        "type": [Function],
      },
      Object {
        "instance": null,
        "key": undefined,
        "nodeType": "class",
        "props": Object {
          "component": [Function],
          "exact": true,
          "path": "/articleContainer",
        },
        "ref": null,
        "rendered": null,
        "type": [Function],
      },
      Object {
        "instance": null,
        "key": undefined,
        "nodeType": "class",
        "props": Object {
          "component": [Function],
          "exact": true,
          "path": "/passwordForget",
        },
        "ref": null,
        "rendered": null,
        "type": [Function],
      },
      Object {
        "instance": null,
        "key": undefined,
        "nodeType": "class",
        "props": Object {
          "component": [Function],
          "exact": true,
          "path": "/userDashboard",
        },
        "ref": null,
        "rendered": null,
        "type": [Function],
      },
      Object {
        "instance": null,
        "key": undefined,
        "nodeType": "class",
        "props": Object {
          "component": [Function],
          "exact": true,
          "path": "/passwordChange",
        },
        "ref": null,
        "rendered": null,
        "type": [Function],
      },
      Object {
        "instance": null,
        "key": undefined,
        "nodeType": "host",
        "props": Object {
          "children": <img
            alt="Powered by CORE"
            src="https://core.ac.uk/images/powered-by-core-orange.png"
/>,
        },
        "ref": null,
        "rendered": Object {
          "instance": null,
          "key": undefined,
          "nodeType": "host",
          "props": Object {
            "alt": "Powered by CORE",
            "src": "https://core.ac.uk/images/powered-by-core-orange.png",
          },
          "ref": null,
          "rendered": null,
          "type": "img",
        },
        "type": "footer",
      },
    ],
    "type": "div",
  },
  Symbol(enzyme.__nodes__): Array [
    Object {
      "instance": null,
      "key": undefined,
      "nodeType": "host",
      "props": Object {
        "children": Array [
          <header
            className="header"
>
            <Link
                        replace={false}
                        to="/"
            >
                        <img
                                    alt="Search Open Source"
                                    className="logo"
                                    src="logo.png"
                        />
            </Link>
            <ul>
                        <li>
                                    <Link
                                                replace={false}
                                                to="/signUp"
                                    >
                                                Sign up
                                    </Link>
                        </li>
                        <li>
                                    <Link
                                                replace={false}
                                                to="/signIn"
                                    >
                                                Sign in
                                    </Link>
                        </li>
            </ul>
</header>,
          <withRouter(Connect(LandingPage)) />,
          <Route
            component={[Function]}
            exact={true}
            path="/searchResults"
/>,
          <Route
            component={[Function]}
            exact={true}
            path="/signIn"
/>,
          <Route
            component={[Function]}
            exact={true}
            path="/signUp"
/>,
          <Route
            component={[Function]}
            exact={true}
            path="/articleContainer"
/>,
          <Route
            component={[Function]}
            exact={true}
            path="/passwordForget"
/>,
          <Route
            component={[Function]}
            exact={true}
            path="/userDashboard"
/>,
          <Route
            component={[Function]}
            exact={true}
            path="/passwordChange"
/>,
          <footer>
            <img
                        alt="Powered by CORE"
                        src="https://core.ac.uk/images/powered-by-core-orange.png"
            />
</footer>,
        ],
      },
      "ref": null,
      "rendered": Array [
        Object {
          "instance": null,
          "key": undefined,
          "nodeType": "host",
          "props": Object {
            "children": Array [
              <Link
                replace={false}
                to="/"
>
                <img
                                alt="Search Open Source"
                                className="logo"
                                src="logo.png"
                />
</Link>,
              <ul>
                <li>
                                <Link
                                                replace={false}
                                                to="/signUp"
                                >
                                                Sign up
                                </Link>
                </li>
                <li>
                                <Link
                                                replace={false}
                                                to="/signIn"
                                >
                                                Sign in
                                </Link>
                </li>
</ul>,
              undefined,
            ],
            "className": "header",
          },
          "ref": null,
          "rendered": Array [
            Object {
              "instance": null,
              "key": undefined,
              "nodeType": "class",
              "props": Object {
                "children": <img
                  alt="Search Open Source"
                  className="logo"
                  src="logo.png"
/>,
                "replace": false,
                "to": "/",
              },
              "ref": null,
              "rendered": Object {
                "instance": null,
                "key": undefined,
                "nodeType": "host",
                "props": Object {
                  "alt": "Search Open Source",
                  "className": "logo",
                  "src": "logo.png",
                },
                "ref": null,
                "rendered": null,
                "type": "img",
              },
              "type": [Function],
            },
            Object {
              "instance": null,
              "key": undefined,
              "nodeType": "host",
              "props": Object {
                "children": Array [
                  undefined,
                  <li>
                    <Link
                                        replace={false}
                                        to="/signUp"
                    >
                                        Sign up
                    </Link>
</li>,
                  <li>
                    <Link
                                        replace={false}
                                        to="/signIn"
                    >
                                        Sign in
                    </Link>
</li>,
                ],
              },
              "ref": null,
              "rendered": Array [
                undefined,
                Object {
                  "instance": null,
                  "key": undefined,
                  "nodeType": "host",
                  "props": Object {
                    "children": <Link
                      replace={false}
                      to="/signUp"
>
                      Sign up
</Link>,
                  },
                  "ref": null,
                  "rendered": Object {
                    "instance": null,
                    "key": undefined,
                    "nodeType": "class",
                    "props": Object {
                      "children": "Sign up",
                      "replace": false,
                      "to": "/signUp",
                    },
                    "ref": null,
                    "rendered": "Sign up",
                    "type": [Function],
                  },
                  "type": "li",
                },
                Object {
                  "instance": null,
                  "key": undefined,
                  "nodeType": "host",
                  "props": Object {
                    "children": <Link
                      replace={false}
                      to="/signIn"
>
                      Sign in
</Link>,
                  },
                  "ref": null,
                  "rendered": Object {
                    "instance": null,
                    "key": undefined,
                    "nodeType": "class",
                    "props": Object {
                      "children": "Sign in",
                      "replace": false,
                      "to": "/signIn",
                    },
                    "ref": null,
                    "rendered": "Sign in",
                    "type": [Function],
                  },
                  "type": "li",
                },
              ],
              "type": "ul",
            },
            undefined,
          ],
          "type": "header",
        },
        Object {
          "instance": null,
          "key": undefined,
          "nodeType": "function",
          "props": Object {},
          "ref": null,
          "rendered": null,
          "type": [Function],
        },
        Object {
          "instance": null,
          "key": undefined,
          "nodeType": "class",
          "props": Object {
            "component": [Function],
            "exact": true,
            "path": "/searchResults",
          },
          "ref": null,
          "rendered": null,
          "type": [Function],
        },
        Object {
          "instance": null,
          "key": undefined,
          "nodeType": "class",
          "props": Object {
            "component": [Function],
            "exact": true,
            "path": "/signIn",
          },
          "ref": null,
          "rendered": null,
          "type": [Function],
        },
        Object {
          "instance": null,
          "key": undefined,
          "nodeType": "class",
          "props": Object {
            "component": [Function],
            "exact": true,
            "path": "/signUp",
          },
          "ref": null,
          "rendered": null,
          "type": [Function],
        },
        Object {
          "instance": null,
          "key": undefined,
          "nodeType": "class",
          "props": Object {
            "component": [Function],
            "exact": true,
            "path": "/articleContainer",
          },
          "ref": null,
          "rendered": null,
          "type": [Function],
        },
        Object {
          "instance": null,
          "key": undefined,
          "nodeType": "class",
          "props": Object {
            "component": [Function],
            "exact": true,
            "path": "/passwordForget",
          },
          "ref": null,
          "rendered": null,
          "type": [Function],
        },
        Object {
          "instance": null,
          "key": undefined,
          "nodeType": "class",
          "props": Object {
            "component": [Function],
            "exact": true,
            "path": "/userDashboard",
          },
          "ref": null,
          "rendered": null,
          "type": [Function],
        },
        Object {
          "instance": null,
          "key": undefined,
          "nodeType": "class",
          "props": Object {
            "component": [Function],
            "exact": true,
            "path": "/passwordChange",
          },
          "ref": null,
          "rendered": null,
          "type": [Function],
        },
        Object {
          "instance": null,
          "key": undefined,
          "nodeType": "host",
          "props": Object {
            "children": <img
              alt="Powered by CORE"
              src="https://core.ac.uk/images/powered-by-core-orange.png"
/>,
          },
          "ref": null,
          "rendered": Object {
            "instance": null,
            "key": undefined,
            "nodeType": "host",
            "props": Object {
              "alt": "Powered by CORE",
              "src": "https://core.ac.uk/images/powered-by-core-orange.png",
            },
            "ref": null,
            "rendered": null,
            "type": "img",
          },
          "type": "footer",
        },
      ],
      "type": "div",
    },
  ],
  Symbol(enzyme.__options__): Object {
    "adapter": ReactSixteenAdapter {
      "options": Object {
        "enableComponentDidUpdateOnSetState": true,
      },
    },
  },
}
`;
