// Jest Snapshot v1, https://goo.gl/fbAQLP

exports[`PasswordForget should match snapshot 1`] = `
ShallowWrapper {
  "length": 1,
  Symbol(enzyme.__root__): [Circular],
  Symbol(enzyme.__unrendered__): <PasswordForget />,
  Symbol(enzyme.__renderer__): Object {
    "batchedUpdates": [Function],
    "getNode": [Function],
    "render": [Function],
    "simulateEvent": [Function],
    "unmount": [Function],
  },
  Symbol(enzyme.__node__): Object {
    "instance": null,
    "key": undefined,
    "nodeType": "host",
    "props": Object {
      "children": <form
        className="reset-password"
        onSubmit={[Function]}
>
        <label>
                Reset Your Password
        </label>
        <input
                onChange={[Function]}
                placeholder="Email Address"
                type="text"
                value=""
        />
        <button
                disabled={true}
                type="submit"
        >
                Reset Password
        </button>
</form>,
      "className": "form-container",
    },
    "ref": null,
    "rendered": Object {
      "instance": null,
      "key": undefined,
      "nodeType": "host",
      "props": Object {
        "children": Array [
          <label>
            Reset Your Password
</label>,
          <input
            onChange={[Function]}
            placeholder="Email Address"
            type="text"
            value=""
/>,
          <button
            disabled={true}
            type="submit"
>
            Reset Password
</button>,
          false,
          false,
        ],
        "className": "reset-password",
        "onSubmit": [Function],
      },
      "ref": null,
      "rendered": Array [
        Object {
          "instance": null,
          "key": undefined,
          "nodeType": "host",
          "props": Object {
            "children": "Reset Your Password",
          },
          "ref": null,
          "rendered": "Reset Your Password",
          "type": "label",
        },
        Object {
          "instance": null,
          "key": undefined,
          "nodeType": "host",
          "props": Object {
            "onChange": [Function],
            "placeholder": "Email Address",
            "type": "text",
            "value": "",
          },
          "ref": null,
          "rendered": null,
          "type": "input",
        },
        Object {
          "instance": null,
          "key": undefined,
          "nodeType": "host",
          "props": Object {
            "children": "Reset Password",
            "disabled": true,
            "type": "submit",
          },
          "ref": null,
          "rendered": "Reset Password",
          "type": "button",
        },
        false,
        false,
      ],
      "type": "form",
    },
    "type": "section",
  },
  Symbol(enzyme.__nodes__): Array [
    Object {
      "instance": null,
      "key": undefined,
      "nodeType": "host",
      "props": Object {
        "children": <form
          className="reset-password"
          onSubmit={[Function]}
>
          <label>
                    Reset Your Password
          </label>
          <input
                    onChange={[Function]}
                    placeholder="Email Address"
                    type="text"
                    value=""
          />
          <button
                    disabled={true}
                    type="submit"
          >
                    Reset Password
          </button>
</form>,
        "className": "form-container",
      },
      "ref": null,
      "rendered": Object {
        "instance": null,
        "key": undefined,
        "nodeType": "host",
        "props": Object {
          "children": Array [
            <label>
              Reset Your Password
</label>,
            <input
              onChange={[Function]}
              placeholder="Email Address"
              type="text"
              value=""
/>,
            <button
              disabled={true}
              type="submit"
>
              Reset Password
</button>,
            false,
            false,
          ],
          "className": "reset-password",
          "onSubmit": [Function],
        },
        "ref": null,
        "rendered": Array [
          Object {
            "instance": null,
            "key": undefined,
            "nodeType": "host",
            "props": Object {
              "children": "Reset Your Password",
            },
            "ref": null,
            "rendered": "Reset Your Password",
            "type": "label",
          },
          Object {
            "instance": null,
            "key": undefined,
            "nodeType": "host",
            "props": Object {
              "onChange": [Function],
              "placeholder": "Email Address",
              "type": "text",
              "value": "",
            },
            "ref": null,
            "rendered": null,
            "type": "input",
          },
          Object {
            "instance": null,
            "key": undefined,
            "nodeType": "host",
            "props": Object {
              "children": "Reset Password",
              "disabled": true,
              "type": "submit",
            },
            "ref": null,
            "rendered": "Reset Password",
            "type": "button",
          },
          false,
          false,
        ],
        "type": "form",
      },
      "type": "section",
    },
  ],
  Symbol(enzyme.__options__): Object {
    "adapter": ReactSixteenAdapter {
      "options": Object {
        "enableComponentDidUpdateOnSetState": true,
      },
    },
  },
}
`;
